-------------------------------------------------------------------------------
      name:  <unnamed>
       log:  C:\Users\sacks\Box\VaccSideEffects\output/logs/merge_prescreen_mai
> n.log
  log type:  text
 opened on:  13 Jan 2026, 15:40:41
.     di "=== Running in batch mode: $scriptname ==="
=== Running in batch mode: merge_prescreen_main ===
.     di "Log: output/logs/$scriptname.log"
Log: output/logs/merge_prescreen_main.log
.     di ""

. }

. 
end of do-file

. 
. 
. /*---------------------------------------------------------------------------
> ---
>     1. Counts for pre-screen
> -----------------------------------------------------------------------------
> -*/
. 
. 
. use data/prescreen_clean if ~is_preview, clear 

. 
. gen started  = 1

. gen attention = failed_attn == 0 

. gen single = duplicate_pid == 0

. gen hesitant = vacc_intent <= 2 

. 
. capture file close fout

. file open fout using "output/tables/counts.csv", write replace

. file write fout "Condition, count" _n

. file write fout "Prescreen survey" _n

. foreach cond in started consent attention single hesitant {
  2.         keep if `cond'
  3.         
.         file write fout "`cond', `=_N'" _n
  4. }
(0 observations deleted)
(105 observations deleted)
(41 observations deleted)
(91 observations deleted)
(3,446 observations deleted)

. 
. 
. keep prolific_pid 

. tempfile prescreen

. save `prescreen'
file C:\Users\sacks\AppData\Local\Temp\ST_10a24_000001.tmp saved as .dta
    format

. 
. /*---------------------------------------------------------------------------
> ---
>     2. Counts for main
> -----------------------------------------------------------------------------
> -*/
. use data/main_clean if ~is_preview, clear 

. merge m:1 prolific_pid using `prescreen', keep(3) 

    Result                      Number of obs
    -----------------------------------------
    Not matched                             0
    Matched                             3,629  (_merge==3)
    -----------------------------------------

. 
. gen started = 1

. gen attention = failed_attn == 0 

. gen single = duplicate_pid == 0

. gen outcome = n_missing == 0 

. 
. 
. file write fout _n

. file write fout "Main survey" _n

. foreach cond in started consent attention outcome single {
  2.         keep if `cond'
  3.         
.         file write fout "`cond', `=_N'" _n
  4. }
(0 observations deleted)
(2 observations deleted)
(16 observations deleted)
(73 observations deleted)
(30 observations deleted)

. 
. keep prolific_pid

. tempfile main_pre  

. save `main_pre'
file C:\Users\sacks\AppData\Local\Temp\ST_10a24_000002.tmp saved as .dta
    format

. 
. 
. /*---------------------------------------------------------------------------
> ---
>     3. Counts for followup
> -----------------------------------------------------------------------------
> -*/
. use data/followup_clean if ~is_preview, clear 

. merge m:1 prolific_pid using `main_pre', keep(3)

    Result                      Number of obs
    -----------------------------------------
    Not matched                             0
    Matched                             3,160  (_merge==3)
    -----------------------------------------

. 
. gen started = 1

. gen attention = failed_attn == 0 

. gen single = duplicate_pid == 0

. gen outcome = ~missing(got_flu_vacc)

. 
. 
. file write fout _n

. file write fout "Followup survey" _n

. foreach cond in started consent attention outcome single {
  2.         keep if `cond'
  3.         
.         file write fout "`cond', `=_N'" _n
  4. }
(0 observations deleted)
(58 observations deleted)
(37 observations deleted)
(59 observations deleted)
(31 observations deleted)

. 
. 
. file close fout

. 
. 
. 
end of do-file
