-------------------------------------------------------------------------------
      name:  <unnamed>
       log:  C:\Users\sacks\Box\VaccSideEffects\output/logs/treatment_effects.l
> og
  log type:  text
 opened on:  13 Jan 2026, 16:50:50
.     di "=== Running in batch mode: $scriptname ==="
=== Running in batch mode: treatment_effects ===
.     di "Log: output/logs/$scriptname.log"
Log: output/logs/treatment_effects.log
.     di ""

. }

. 
end of do-file

. 
. /*---------------------------------------------------------------------------
> ---
>     1. Define controls
> -----------------------------------------------------------------------------
> -*/
. 
. * Prior beliefs from main survey
. global prior_beliefs "i.prior_self_placebo i.prior_self_vacc"

. 
. 
. * Vaccine experiences from prescreen
. global vacc_experience "had_prior_covid_vacc had_prior_flu_vacc i.covid_vacc_
> reaction i.flu_vacc_reaction"

. 
. 
. * Demographics from main survey
. global demographics "i.age i.gender i.education i.income i.race i.ethnicity i
> .polviews"

. 
. * All controls combined
. global controls "$prior_beliefs i.pre_vacc_intent $vacc_experience $demograph
> ics i.trust_govt cond_*"

. 
. 
. 
. /*---------------------------------------------------------------------------
> ---
>     2. Load data and prepare variables
> -----------------------------------------------------------------------------
> -*/
. 
. use "data/merged_all.dta", clear

. 
. * Create link_click if not already present (max of link1-4)
. capture confirm variable link_click

. if _rc {
.     egen link_click = rowmax(link1_clicked link2_clicked link3_clicked link4_
> clicked)
.     label var link_click "Any link clicked"
. }

. 
. * Convert -99 (prefer not to say) to missing for categorical variables
. foreach var in age gender education income race ethnicity {
  2.     replace `var' = . if `var' == -99
  3. }
(1 real change made, 1 to missing)
(0 real changes made)
(0 real changes made)
(0 real changes made)
(0 real changes made)
(0 real changes made)

. 
. * Treatment indicators (control is omitted category)
. * arm_industry, arm_academic, arm_personal already exist
. 
. /*---------------------------------------------------------------------------
> ---
>     3. Run regressions and store results
> -----------------------------------------------------------------------------
> -*/
. 
. local outcomes "post_trial delta main_maybe link_click got_flu_vacc"

. local n_outcomes : word count `outcomes'

. 
. * Initialize matrices for results
. matrix b_treat = J(3, `n_outcomes', .)

. matrix se_treat = J(3, `n_outcomes', .)

. matrix N_obs = J(1, `n_outcomes', .)

. matrix R2 = J(1, `n_outcomes', .)

. 
. local col = 1

. foreach outcome of local outcomes {
  2.     di ""
  3.     di "=== Regression: `outcome' ==="
  4. 
.     * Run regression
.     reg `outcome' arm_industry arm_academic arm_personal $controls, robust
  5. 
.     * Store sample size and R-squared
.     matrix N_obs[1, `col'] = e(N)
  6.     matrix R2[1, `col'] = e(r2)
  7. 
.     * Store coefficients and standard errors for treatment arms
.     matrix b_treat[1, `col'] = _b[arm_industry]
  8.     matrix b_treat[2, `col'] = _b[arm_academic]
  9.     matrix b_treat[3, `col'] = _b[arm_personal]
 10. 
.     matrix se_treat[1, `col'] = _se[arm_industry]
 11.     matrix se_treat[2, `col'] = _se[arm_academic]
 12.     matrix se_treat[3, `col'] = _se[arm_personal]
 13. 
.     local ++col
 14. }

=== Regression: post_trial ===
note: 3.covid_vacc_reaction omitted because of collinearity.
note: 3.flu_vacc_reaction omitted because of collinearity.

Linear regression                               Number of obs     =      3,499
                                                F(65, 3433)       =      10.23
                                                Prob > F          =     0.0000
                                                R-squared         =     0.1635
                                                Root MSE          =     17.508

------------------------------------------------------------------------------
             |               Robust
  post_trial | Coefficient  std. err.      t    P>|t|     [95% conf. interval]
-------------+----------------------------------------------------------------
arm_industry |  -8.180965   .8484722    -9.64   0.000    -9.844526   -6.517403
arm_academic |  -4.384664   .8754295    -5.01   0.000     -6.10108   -2.668249
arm_personal |   -4.81826   .8791368    -5.48   0.000    -6.541945   -3.094576
             |
prior_self~o |
2. Very u..  |  -1.002198   .8259565    -1.21   0.225    -2.621614    .6172182
3. Somewh..  |   2.010463   1.015934     1.98   0.048     .0185666    4.002358
4. Neithe..  |   3.614951   1.493338     2.42   0.016     .6870302    6.542872
5. Somewh..  |   2.981538   1.225303     2.43   0.015     .5791403    5.383935
6. Very l..  |   1.611211   1.837468     0.88   0.381     -1.99143    5.213853
7. Would ..  |   1.291771   3.947612     0.33   0.744    -6.448134    9.031677
             |
prior_self~c |
2. Very u..  |  -7.847232   2.202574    -3.56   0.000    -12.16572   -3.528744
3. Somewh..  |  -6.668502   2.191184    -3.04   0.002    -10.96466   -2.372345
4. Neithe..  |  -2.888759   2.347903    -1.23   0.219    -7.492187     1.71467
5. Somewh..  |  -2.180099    2.21212    -0.99   0.324    -6.517305    2.157106
6. Very l..  |   4.622248   2.388164     1.94   0.053    -.0601187    9.304616
7. Would ..  |   10.18409   3.063674     3.32   0.001     4.177285     16.1909
             |
pre_vacc_i~e |
2. May or..  |   1.609493   .6859874     2.35   0.019     .2645079    2.954477
had_p~d_vacc |  -.1212063   1.230411    -0.10   0.922    -2.533618    2.291206
had_p~u_vacc |  -1.202154   1.585029    -0.76   0.448     -4.30985    1.905541
             |
covid_vacc~n |
1. None/d..  |  -.3938046   1.164372    -0.34   0.735    -2.676737    1.889128
2. Mild ..)  |   1.020078   1.180335     0.86   0.388    -1.294153    3.334308
  3. Severe  |          0  (omitted)
             |
flu_vacc_r~n |
1. None/d..  |  -.8759228   1.599734    -0.55   0.584     -4.01245    2.260604
2. Mild ..)  |   1.556373   1.633222     0.95   0.341    -1.645813    4.758559
  3. Severe  |          0  (omitted)
             |
         age |
   3. 35-49  |  -2.792002   .7186343    -3.89   0.000    -4.200996   -1.383008
   4. 50-64  |  -2.743193   .8742308    -3.14   0.002    -4.457258   -1.029128
   5. 65-74  |  -4.278934   1.491693    -2.87   0.004     -7.20363   -1.354238
     6. 75+  |  -4.950813   5.901323    -0.84   0.402    -16.52127    6.619647
             |
      gender |
  2. Female  |   .7850229   .6300892     1.25   0.213    -.4503648    2.020411
   3. Other  |  -3.697881   2.902553    -1.27   0.203    -9.388786    1.993024
4. Prefer..  |   3.093495   5.239479     0.59   0.555    -7.179317    13.36631
             |
   education |
      2. HS  |   5.775655   3.779261     1.53   0.127    -1.634172    13.18548
3. Some c..  |   3.725295   3.726112     1.00   0.317    -3.580326    11.03092
4. 4-year..  |   3.829327   3.745816     1.02   0.307    -3.514927    11.17358
5. More t..  |    3.62037   3.814366     0.95   0.343    -3.858286    11.09903
6. Prefer..  |  -5.025521   5.984509    -0.84   0.401    -16.75908    6.708038
             |
      income |
 2. $25-50k  |  -1.071335   1.101021    -0.97   0.331    -3.230057    1.087387
 3. $50-75k  |  -.6277037      1.114    -0.56   0.573    -2.811873    1.556466
4. $75-100k  |  -1.338092   1.188918    -1.13   0.260    -3.669151    .9929663
  5. >$100k  |  -1.682236   1.147047    -1.47   0.143    -3.931199    .5667279
6. Prefer..  |  -.8462767   2.336322    -0.36   0.717    -5.426999    3.734445
             |
        race |
   2. Black  |   3.260239   .9977518     3.27   0.001     1.303991    5.216486
   3. Asian  |   -3.34676   3.349083    -1.00   0.318    -9.913158    3.219639
4. Am Ind..  |   .6550513   1.317768     0.50   0.619    -1.928637     3.23874
5. Pacifi..  |  -2.889786   9.393668    -0.31   0.758    -21.30753    15.52796
   6. Other  |   2.059988   2.035046     1.01   0.311    -1.930035    6.050011
7. Prefer..  |  -2.505873   3.805086    -0.66   0.510    -9.966334    4.954589
             |
   ethnicity |
      2. No  |  -.3142791   1.126297    -0.28   0.780    -2.522559    1.894001
3. Prefer..  |  -2.196507   3.697244    -0.59   0.552    -9.445529    5.052514
             |
    polviews |
 2. Liberal  |   .4339004   1.107408     0.39   0.695    -1.737346    2.605147
3. Slight..  |   1.591963   1.205283     1.32   0.187    -.7711823    3.955107
4. Moderate  |   1.636335   1.177544     1.39   0.165    -.6724221    3.945092
5. Slight..  |    3.74294   1.359067     2.75   0.006     1.078277    6.407602
6. Conser..  |   3.573467   1.265546     2.82   0.005     1.092167    6.054767
7. Very c..  |   3.795173   1.708516     2.22   0.026     .4453619    7.144984
8. Prefer..  |   10.91946   3.856397     2.83   0.005     3.358393    18.48052
             |
  trust_govt |
2. Somewh..  |   -.661514   1.342202    -0.49   0.622     -3.29311    1.970082
3. Neithe..  |  -2.640507   1.260943    -2.09   0.036     -5.11278   -.1682329
4. Somewh..  |  -3.673415   1.227104    -2.99   0.003    -6.079342   -1.267488
5. Strong..  |  -4.995616   1.393208    -3.59   0.000    -7.727217   -2.264014
             |
 cond_asthma |   2.794394   2.157794     1.30   0.195    -1.436296    7.025083
   cond_lung |  -2.426861   2.837517    -0.86   0.392    -7.990254    3.136531
  cond_heart |   3.299055   2.499517     1.32   0.187    -1.601637    8.199746
cond_diabe~s |   1.541408   2.217748     0.70   0.487     -2.80683    5.889647
 cond_kidney |   2.209132   3.058019     0.72   0.470    -3.786589    8.204853
cond_rathe~y |   11.24279   9.839518     1.14   0.253    -8.049108     30.5347
   cond_none |   3.940547   2.197462     1.79   0.073    -.3679187    8.249012
       _cons |   1129.776   972.2717     1.16   0.245    -776.5136    3036.066
------------------------------------------------------------------------------

=== Regression: delta ===
note: 3.covid_vacc_reaction omitted because of collinearity.
note: 3.flu_vacc_reaction omitted because of collinearity.

Linear regression                               Number of obs     =      3,499
                                                F(65, 3433)       =      21.18
                                                Prob > F          =     0.0000
                                                R-squared         =     0.3710
                                                Root MSE          =     20.958

------------------------------------------------------------------------------
             |               Robust
       delta | Coefficient  std. err.      t    P>|t|     [95% conf. interval]
-------------+----------------------------------------------------------------
arm_industry |  -3.576294   1.016584    -3.52   0.000    -5.569465   -1.583124
arm_academic |  -2.818992    1.01084    -2.79   0.005    -4.800902   -.8370828
arm_personal |   .3467414   1.018318     0.34   0.733    -1.649829    2.343311
             |
prior_self~o |
2. Very u..  |  -4.131711   1.055821    -3.91   0.000    -6.201813   -2.061609
3. Somewh..  |  -8.138763   1.165215    -6.98   0.000    -10.42335   -5.854178
4. Neithe..  |  -12.73983   1.664655    -7.65   0.000    -16.00365   -9.476016
5. Somewh..  |  -16.30164   1.414584   -11.52   0.000    -19.07515   -13.52812
6. Very l..  |  -26.75164   2.640668   -10.13   0.000    -31.92908    -21.5742
7. Would ..  |  -25.69854   5.006697    -5.13   0.000    -35.51495   -15.88214
             |
prior_self~c |
2. Very u..  |   3.262999   2.301256     1.42   0.156    -1.248971    7.774969
3. Somewh..  |   6.367293   2.298789     2.77   0.006      1.86016    10.87443
4. Neithe..  |   9.150046   2.448612     3.74   0.000     4.349162    13.95093
5. Somewh..  |   16.90564   2.346774     7.20   0.000     12.30443    21.50686
6. Very l..  |   35.77589   2.609363    13.71   0.000     30.65983    40.89195
7. Would ..  |   51.10904   3.567273    14.33   0.000     44.11485    58.10323
             |
pre_vacc_i~e |
2. May or..  |  -.1958382   .7948891    -0.25   0.805    -1.754342    1.362665
had_p~d_vacc |   1.521444   1.596535     0.95   0.341    -1.608812      4.6517
had_p~u_vacc |   8.879975   2.268499     3.91   0.000     4.432231    13.32772
             |
covid_vacc~n |
1. None/d..  |  -2.533565   1.527979    -1.66   0.097    -5.529405     .462274
2. Mild ..)  |  -.0734306   1.545843    -0.05   0.962    -3.104295    2.957434
  3. Severe  |          0  (omitted)
             |
flu_vacc_r~n |
1. None/d..  |  -10.93525   2.271218    -4.81   0.000    -15.38833   -6.482179
2. Mild ..)  |  -7.218896   2.331982    -3.10   0.002    -11.79111   -2.646683
  3. Severe  |          0  (omitted)
             |
         age |
   3. 35-49  |   .1777057   .8400649     0.21   0.832    -1.469372    1.824783
   4. 50-64  |   1.304033   1.062408     1.23   0.220    -.7789823    3.387049
   5. 65-74  |  -.5994893   1.955191    -0.31   0.759    -4.432944    3.233965
     6. 75+  |  -3.336144   10.15158    -0.33   0.742     -23.2399    16.56761
             |
      gender |
  2. Female  |   2.075105   .7286658     2.85   0.004     .6464426    3.503768
   3. Other  |   4.352015   3.983593     1.09   0.275    -3.458437    12.16247
4. Prefer..  |    7.01194   8.576069     0.82   0.414    -9.802775    23.82666
             |
   education |
      2. HS  |   .9341285   5.030338     0.19   0.853     -8.92863    10.79689
3. Some c..  |   .6666967   4.996052     0.13   0.894     -9.12884    10.46223
4. 4-year..  |   .4326598   5.016023     0.09   0.931    -9.402032    10.26735
5. More t..  |  -.0592608   5.072114    -0.01   0.991    -10.00393    9.885407
6. Prefer..  |   .5932097   8.401038     0.07   0.944    -15.87833    17.06475
             |
      income |
 2. $25-50k  |  -1.374947   1.248257    -1.10   0.271    -3.822347    1.072454
 3. $50-75k  |  -1.608402   1.278444    -1.26   0.208    -4.114989    .8981858
4. $75-100k  |  -1.948215    1.40584    -1.39   0.166    -4.704583    .8081524
  5. >$100k  |  -2.071978   1.300866    -1.59   0.111    -4.622528    .4785712
6. Prefer..  |    1.44167   2.729899     0.53   0.597    -3.910721     6.79406
             |
        race |
   2. Black  |  -2.401814   1.138342    -2.11   0.035     -4.63371   -.1699185
   3. Asian  |  -2.723948   3.754427    -0.73   0.468    -10.08509    4.637189
4. Am Ind..  |  -.2501833   1.583237    -0.16   0.874    -3.354366    2.853999
5. Pacifi..  |  -15.44804   3.756133    -4.11   0.000    -22.81252   -8.083559
   6. Other  |  -.2583404   2.197795    -0.12   0.906    -4.567459    4.050778
7. Prefer..  |  -10.77586   5.826997    -1.85   0.065    -22.20059    .6488758
             |
   ethnicity |
      2. No  |  -.6408447   1.338459    -0.48   0.632    -3.265102    1.983413
3. Prefer..  |   3.204991   4.724528     0.68   0.498     -6.05818    12.46816
             |
    polviews |
 2. Liberal  |    1.64355   1.370896     1.20   0.231    -1.044305    4.331404
3. Slight..  |   1.286278   1.435348     0.90   0.370    -1.527945    4.100501
4. Moderate  |   1.715585   1.364967     1.26   0.209    -.9606436    4.391815
5. Slight..  |   3.082122    1.55318     1.98   0.047     .0368724    6.127372
6. Conser..  |    3.06757   1.508986     2.03   0.042     .1089684    6.026172
7. Very c..  |   3.966834   2.028305     1.96   0.051    -.0099736    7.943641
8. Prefer..  |   12.18133   4.222615     2.88   0.004     3.902241    20.46043
             |
  trust_govt |
2. Somewh..  |  -.9049798    1.58929    -0.57   0.569     -4.02103    2.211071
3. Neithe..  |  -1.601305   1.498152    -1.07   0.285    -4.538664    1.336054
4. Somewh..  |  -1.238544   1.472509    -0.84   0.400    -4.125626    1.648539
5. Strong..  |  -3.704905   1.708998    -2.17   0.030    -7.055661   -.3541486
             |
 cond_asthma |    5.83176   2.745254     2.12   0.034     .4492638    11.21426
   cond_lung |  -1.507463   3.444584    -0.44   0.662    -8.261104    5.246179
  cond_heart |  -.1127778   3.298952    -0.03   0.973    -6.580886     6.35533
cond_diabe~s |   4.342723   2.765904     1.57   0.116    -1.080261    9.765707
 cond_kidney |   3.344021   3.332582     1.00   0.316    -3.190024    9.878066
cond_rathe~y |   16.95852    12.3245     1.38   0.169    -7.205574    41.12262
   cond_none |   5.173175   2.831482     1.83   0.068    -.3783846    10.72473
       _cons |   1678.158   1217.791     1.38   0.168    -709.5092    4065.826
------------------------------------------------------------------------------

=== Regression: main_maybe ===
note: 3.covid_vacc_reaction omitted because of collinearity.
note: 3.flu_vacc_reaction omitted because of collinearity.

Linear regression                               Number of obs     =      3,499
                                                F(65, 3433)       =       4.98
                                                Prob > F          =     0.0000
                                                R-squared         =     0.1357
                                                Root MSE          =     .25877

------------------------------------------------------------------------------
             |               Robust
  main_maybe | Coefficient  std. err.      t    P>|t|     [95% conf. interval]
-------------+----------------------------------------------------------------
arm_industry |  -.0006645   .0120058    -0.06   0.956    -.0242036    .0228746
arm_academic |   .0307706    .012604     2.44   0.015     .0060585    .0554826
arm_personal |   .0238616   .0125684     1.90   0.058    -.0007807    .0485039
             |
prior_self~o |
2. Very u..  |  -.0225993   .0113585    -1.99   0.047    -.0448694   -.0003292
3. Somewh..  |   .0089812   .0165418     0.54   0.587    -.0234516    .0414141
4. Neithe..  |   .0431207   .0227577     1.89   0.058    -.0014992    .0877407
5. Somewh..  |   .0208559   .0173522     1.20   0.229    -.0131657    .0548775
6. Very l..  |   .0217476   .0222262     0.98   0.328    -.0218303    .0653255
7. Would ..  |   .0352184   .0341749     1.03   0.303    -.0317868    .1022235
             |
prior_self~c |
2. Very u..  |  -.0008928   .0323747    -0.03   0.978    -.0643683    .0625828
3. Somewh..  |  -.0180968   .0317088    -0.57   0.568    -.0802669    .0440733
4. Neithe..  |  -.0284469   .0325961    -0.87   0.383    -.0923565    .0354627
5. Somewh..  |  -.0358909   .0302208    -1.19   0.235    -.0951435    .0233617
6. Very l..  |  -.0502997   .0307387    -1.64   0.102    -.1105678    .0099683
7. Would ..  |  -.0384821   .0342551    -1.12   0.261    -.1056446    .0286805
             |
pre_vacc_i~e |
2. May or..  |   .1451174   .0126444    11.48   0.000     .1203261    .1699088
had_p~d_vacc |   .0075745   .0158439     0.48   0.633    -.0234899    .0386389
had_p~u_vacc |   .0006515   .0144361     0.05   0.964    -.0276527    .0289557
             |
covid_vacc~n |
1. None/d..  |   .0149678   .0179506     0.83   0.404    -.0202272    .0501629
2. Mild ..)  |   .0136425   .0182921     0.75   0.456     -.022222    .0495069
  3. Severe  |          0  (omitted)
             |
flu_vacc_r~n |
1. None/d..  |   .0151613   .0170729     0.89   0.375    -.0183127    .0486354
2. Mild ..)  |   .0414046   .0175625     2.36   0.018     .0069706    .0758386
  3. Severe  |          0  (omitted)
             |
         age |
   3. 35-49  |  -.0180946   .0107899    -1.68   0.094    -.0392498    .0030606
   4. 50-64  |  -.0125727   .0132519    -0.95   0.343     -.038555    .0134097
   5. 65-74  |  -.0380076   .0193669    -1.96   0.050    -.0759794   -.0000359
     6. 75+  |    .075895   .0846491     0.90   0.370    -.0900727    .2418628
             |
      gender |
  2. Female  |  -.0132795   .0095911    -1.38   0.166    -.0320844    .0055254
   3. Other  |   .0630946    .063551     0.99   0.321    -.0615069    .1876961
4. Prefer..  |  -.0299681   .0778268    -0.39   0.700    -.1825596    .1226233
             |
   education |
      2. HS  |  -.0361057   .0474353    -0.76   0.447    -.1291099    .0568986
3. Some c..  |  -.0127804   .0476526    -0.27   0.789    -.1062108      .08065
4. 4-year..  |   .0017974   .0479894     0.04   0.970    -.0922934    .0958881
5. More t..  |   .0264929   .0495217     0.53   0.593    -.0706022     .123588
6. Prefer..  |  -.0584918   .0702511    -0.83   0.405    -.1962301    .0792464
             |
      income |
 2. $25-50k  |   .0080181   .0137971     0.58   0.561    -.0190333    .0350696
 3. $50-75k  |   .0067088    .014816     0.45   0.651    -.0223404    .0357579
4. $75-100k  |  -.0088537   .0154035    -0.57   0.565    -.0390547    .0213473
  5. >$100k  |   .0255595   .0160957     1.59   0.112    -.0059986    .0571176
6. Prefer..  |  -.0432147   .0236104    -1.83   0.067    -.0895066    .0030773
             |
        race |
   2. Black  |   .0187357   .0146035     1.28   0.200    -.0098968    .0473682
   3. Asian  |  -.0066591   .0389863    -0.17   0.864    -.0830978    .0697797
4. Am Ind..  |  -.0374811   .0204785    -1.83   0.067    -.0776323    .0026701
5. Pacifi..  |   .2472253   .1427088     1.73   0.083    -.0325775    .5270281
   6. Other  |  -.0565923   .0207922    -2.72   0.007    -.0973587   -.0158259
7. Prefer..  |   .0185027   .0596287     0.31   0.756    -.0984086    .1354141
             |
   ethnicity |
      2. No  |   .0066825   .0175585     0.38   0.704    -.0277436    .0411085
3. Prefer..  |  -.0675127   .0429706    -1.57   0.116    -.1517632    .0167378
             |
    polviews |
 2. Liberal  |  -.0188126   .0213139    -0.88   0.377    -.0606017    .0229766
3. Slight..  |  -.0043612   .0225679    -0.19   0.847    -.0486091    .0398868
4. Moderate  |  -.0144705   .0193907    -0.75   0.456    -.0524891     .023548
5. Slight..  |  -.0147322   .0215432    -0.68   0.494    -.0569709    .0275066
6. Conser..  |   .0067882   .0207739     0.33   0.744    -.0339422    .0475186
7. Very c..  |   .0071338   .0223341     0.32   0.749    -.0366557    .0509232
8. Prefer..  |    .031152   .0413333     0.75   0.451    -.0498884    .1121923
             |
  trust_govt |
2. Somewh..  |   .0054264   .0102914     0.53   0.598    -.0147515    .0256042
3. Neithe..  |  -.0159842   .0100569    -1.59   0.112    -.0357023    .0037338
4. Somewh..  |   .0302336   .0113532     2.66   0.008     .0079738    .0524933
5. Strong..  |   .0386437    .020152     1.92   0.055    -.0008675     .078155
             |
 cond_asthma |  -.0079517   .0379463    -0.21   0.834    -.0823513    .0664478
   cond_lung |   .1081148   .0651721     1.66   0.097    -.0196652    .2358948
  cond_heart |   .0451546   .0446133     1.01   0.312    -.0423167     .132626
cond_diabe~s |   .0088864   .0383759     0.23   0.817    -.0663555    .0841282
 cond_kidney |   .0085773   .0512311     0.17   0.867    -.0918692    .1090238
cond_rathe~y |   .1440504   .1805664     0.80   0.425    -.2099782    .4980789
   cond_none |  -.0176977   .0393436    -0.45   0.653    -.0948369    .0594416
       _cons |   14.30258   17.84415     0.80   0.423    -20.68366    49.28881
------------------------------------------------------------------------------

=== Regression: link_click ===
note: 3.covid_vacc_reaction omitted because of collinearity.
note: 3.flu_vacc_reaction omitted because of collinearity.

Linear regression                               Number of obs     =      3,499
                                                F(65, 3433)       =       0.71
                                                Prob > F          =     0.9606
                                                R-squared         =     0.0309
                                                Root MSE          =     .11441

------------------------------------------------------------------------------
             |               Robust
  link_click | Coefficient  std. err.      t    P>|t|     [95% conf. interval]
-------------+----------------------------------------------------------------
arm_industry |  -.0024802   .0055772    -0.44   0.657    -.0134152    .0084547
arm_academic |  -.0040881   .0055013    -0.74   0.457    -.0148742     .006698
arm_personal |  -.0018474   .0056346    -0.33   0.743     -.012895    .0092001
             |
prior_self~o |
2. Very u..  |   .0007776   .0053242     0.15   0.884    -.0096613    .0112165
3. Somewh..  |  -.0076842   .0051599    -1.49   0.137     -.017801    .0024325
4. Neithe..  |   .0036529   .0109115     0.33   0.738    -.0177407    .0250466
5. Somewh..  |   .0058156   .0082001     0.71   0.478    -.0102619    .0218931
6. Very l..  |    .021239   .0140065     1.52   0.130    -.0062229     .048701
7. Would ..  |   .0108735   .0191484     0.57   0.570    -.0266698    .0484169
             |
prior_self~c |
2. Very u..  |  -.0156863   .0150321    -1.04   0.297    -.0451592    .0137865
3. Somewh..  |  -.0102149   .0144903    -0.70   0.481    -.0386254    .0181956
4. Neithe..  |  -.0036101   .0161595    -0.22   0.823    -.0352932     .028073
5. Somewh..  |  -.0059314   .0145649    -0.41   0.684    -.0344882    .0226255
6. Very l..  |  -.0074602   .0146804    -0.51   0.611    -.0362435     .021323
7. Would ..  |  -.0061009   .0155925    -0.39   0.696    -.0366723    .0244706
             |
pre_vacc_i~e |
2. May or..  |   .0213306   .0055576     3.84   0.000      .010434    .0322272
had_p~d_vacc |   .0046079   .0076321     0.60   0.546    -.0103559    .0195718
had_p~u_vacc |  -.0100104    .006615    -1.51   0.130    -.0229801    .0029593
             |
covid_vacc~n |
1. None/d..  |   .0034295   .0080816     0.42   0.671    -.0124158    .0192748
2. Mild ..)  |  -.0009049   .0080861    -0.11   0.911    -.0167589    .0149491
  3. Severe  |          0  (omitted)
             |
flu_vacc_r~n |
1. None/d..  |   .0034598   .0073771     0.47   0.639    -.0110041    .0179237
2. Mild ..)  |   .0053104   .0073096     0.73   0.468    -.0090213    .0196421
  3. Severe  |          0  (omitted)
             |
         age |
   3. 35-49  |   .0052447   .0045065     1.16   0.245    -.0035911    .0140804
   4. 50-64  |    .000356   .0053603     0.07   0.947    -.0101537    .0108657
   5. 65-74  |   .0172927   .0141889     1.22   0.223     -.010527    .0451123
     6. 75+  |   .0186402   .0182065     1.02   0.306    -.0170566    .0543369
             |
      gender |
  2. Female  |  -.0059383   .0041838    -1.42   0.156    -.0141413    .0022647
   3. Other  |    .014077   .0308541     0.46   0.648    -.0464172    .0745712
4. Prefer..  |   .0292003   .0218376     1.34   0.181    -.0136158    .0720164
             |
   education |
      2. HS  |  -.0526394   .0518611    -1.02   0.310    -.1543211    .0490422
3. Some c..  |  -.0524999   .0518799    -1.01   0.312    -.1542184    .0492187
4. 4-year..  |  -.0465547    .051778    -0.90   0.369    -.1480735    .0549641
5. More t..  |  -.0383934   .0519432    -0.74   0.460    -.1402361    .0634494
6. Prefer..  |  -.0817531   .0531639    -1.54   0.124    -.1859892    .0224829
             |
      income |
 2. $25-50k  |  -.0019306   .0066481    -0.29   0.772    -.0149653     .011104
 3. $50-75k  |   -.006677   .0066359    -1.01   0.314    -.0196877    .0063337
4. $75-100k  |  -.0037695    .007412    -0.51   0.611    -.0183019    .0107628
  5. >$100k  |  -.0095168   .0061603    -1.54   0.122    -.0215951    .0025614
6. Prefer..  |   .0265753   .0237976     1.12   0.264    -.0200836    .0732342
             |
        race |
   2. Black  |   .0164317    .007957     2.07   0.039     .0008307    .0320326
   3. Asian  |   .0300299   .0387345     0.78   0.438    -.0459151    .1059748
4. Am Ind..  |  -.0055398   .0078335    -0.71   0.479    -.0208986    .0098189
5. Pacifi..  |  -.0188647   .0070639    -2.67   0.008    -.0327146   -.0050149
   6. Other  |   .0017315   .0116802     0.15   0.882    -.0211694    .0246324
7. Prefer..  |   -.019312   .0112689    -1.71   0.087    -.0414064    .0027825
             |
   ethnicity |
      2. No  |  -.0067651   .0089012    -0.76   0.447    -.0242174    .0106872
3. Prefer..  |  -.0294843   .0138529    -2.13   0.033    -.0566451   -.0023234
             |
    polviews |
 2. Liberal  |   .0004219   .0081636     0.05   0.959    -.0155842    .0164279
3. Slight..  |  -.0080148   .0078602    -1.02   0.308     -.023426    .0073963
4. Moderate  |   .0026777   .0077398     0.35   0.729    -.0124975    .0178528
5. Slight..  |   .0083448   .0095875     0.87   0.384    -.0104529    .0271426
6. Conser..  |   .0026982    .008012     0.34   0.736    -.0130106    .0184069
7. Very c..  |   .0154018   .0116832     1.32   0.187     -.007505    .0383086
8. Prefer..  |  -.0196206   .0112067    -1.75   0.080    -.0415931    .0023518
             |
  trust_govt |
2. Somewh..  |    .006596   .0037374     1.76   0.078    -.0007318    .0139237
3. Neithe..  |   .0140424   .0046667     3.01   0.003     .0048927    .0231921
4. Somewh..  |   .0177136   .0048919     3.62   0.000     .0081223     .027305
5. Strong..  |    .007679   .0065819     1.17   0.243    -.0052259    .0205838
             |
 cond_asthma |  -.0048611   .0195486    -0.25   0.804    -.0431892    .0334669
   cond_lung |  -.0205269   .0121155    -1.69   0.090    -.0442813    .0032275
  cond_heart |  -.0078795   .0203558    -0.39   0.699    -.0477902    .0320311
cond_diabe~s |   .0230014   .0177687     1.29   0.196    -.0118368    .0578397
 cond_kidney |   .0047037   .0260891     0.18   0.857     -.046448    .0558555
cond_rathe~y |  -.0065234   .0712814    -0.09   0.927    -.1462817    .1332349
   cond_none |  -.0015624   .0188564    -0.08   0.934    -.0385333    .0354084
       _cons |  -.5869114   7.039188    -0.08   0.934    -14.38833    13.21451
------------------------------------------------------------------------------

=== Regression: got_flu_vacc ===
note: 3.covid_vacc_reaction omitted because of collinearity.
note: 3.flu_vacc_reaction omitted because of collinearity.

Linear regression                               Number of obs     =      2,974
                                                F(65, 2908)       =       2.43
                                                Prob > F          =     0.0000
                                                R-squared         =     0.0803
                                                Root MSE          =     .22884

------------------------------------------------------------------------------
             |               Robust
got_flu_vacc | Coefficient  std. err.      t    P>|t|     [95% conf. interval]
-------------+----------------------------------------------------------------
arm_industry |  -.0142652   .0111152    -1.28   0.199    -.0360597    .0075293
arm_academic |   .0119284   .0123665     0.96   0.335    -.0123197    .0361765
arm_personal |   .0121123   .0122648     0.99   0.323    -.0119364    .0361609
             |
prior_self~o |
2. Very u..  |  -.0230964   .0114089    -2.02   0.043    -.0454669    -.000726
3. Somewh..  |   .0159558   .0165664     0.96   0.336    -.0165272    .0484388
4. Neithe..  |  -.0025309   .0209858    -0.12   0.904    -.0436795    .0386177
5. Somewh..  |   .0018492   .0164841     0.11   0.911    -.0304726    .0341709
6. Very l..  |   .0502572   .0267094     1.88   0.060     -.002114    .1026284
7. Would ..  |   .0228217   .0300017     0.76   0.447    -.0360051    .0816485
             |
prior_self~c |
2. Very u..  |    -.03382   .0367578    -0.92   0.358     -.105894     .038254
3. Somewh..  |  -.0565615   .0357486    -1.58   0.114    -.1266566    .0135336
4. Neithe..  |  -.0231926   .0367262    -0.63   0.528    -.0952046    .0488194
5. Somewh..  |  -.0579923   .0344189    -1.68   0.092    -.1254801    .0094956
6. Very l..  |  -.0587346    .034786    -1.69   0.091    -.1269423     .009473
7. Would ..  |  -.0680391   .0361271    -1.88   0.060    -.1388763    .0027982
             |
pre_vacc_i~e |
2. May or..  |   .0833797   .0122559     6.80   0.000     .0593486    .1074109
had_p~d_vacc |    .014124   .0173753     0.81   0.416    -.0199452    .0481932
had_p~u_vacc |   .0021408   .0132103     0.16   0.871    -.0237617    .0280432
             |
covid_vacc~n |
1. None/d..  |  -.0116248   .0187115    -0.62   0.534    -.0483139    .0250643
2. Mild ..)  |   .0105464   .0190456     0.55   0.580    -.0267979    .0478906
  3. Severe  |          0  (omitted)
             |
flu_vacc_r~n |
1. None/d..  |   .0133087   .0156164     0.85   0.394    -.0173116    .0439289
2. Mild ..)  |   .0256029    .016481     1.55   0.120    -.0067127    .0579184
  3. Severe  |          0  (omitted)
             |
         age |
   3. 35-49  |  -.0271306   .0111942    -2.42   0.015    -.0490799   -.0051813
   4. 50-64  |   -.029894   .0127928    -2.34   0.020    -.0549779   -.0048101
   5. 65-74  |  -.0256801   .0207159    -1.24   0.215    -.0662993    .0149392
     6. 75+  |   .1177227   .0407666     2.89   0.004     .0377883    .1976571
             |
      gender |
  2. Female  |  -.0194454   .0094174    -2.06   0.039    -.0379108   -.0009799
   3. Other  |  -.0499932   .0437843    -1.14   0.254    -.1358446    .0358583
4. Prefer..  |  -.0224108    .049649    -0.45   0.652    -.1197615    .0749399
             |
   education |
      2. HS  |  -.0013722   .0148721    -0.09   0.926    -.0305332    .0277887
3. Some c..  |   .0022062   .0136183     0.16   0.871    -.0244964    .0289087
4. 4-year..  |   .0187685   .0143255     1.31   0.190    -.0093208    .0468577
5. More t..  |   .0472808   .0183883     2.57   0.010     .0112253    .0833363
6. Prefer..  |  -.0303901   .0378328    -0.80   0.422    -.1045719    .0437918
             |
      income |
 2. $25-50k  |   .0004125   .0122806     0.03   0.973     -.023667     .024492
 3. $50-75k  |   .0167563   .0137535     1.22   0.223    -.0102112    .0437238
4. $75-100k  |   .0103477   .0145402     0.71   0.477    -.0181625    .0388579
  5. >$100k  |   .0106391   .0141699     0.75   0.453     -.017145    .0384233
6. Prefer..  |  -.0350833   .0194759    -1.80   0.072    -.0732714    .0031047
             |
        race |
   2. Black  |  -.0009998   .0128334    -0.08   0.938    -.0261633    .0241637
   3. Asian  |   .0454154   .0529169     0.86   0.391    -.0583429    .1491737
4. Am Ind..  |   .0341712    .024221     1.41   0.158    -.0133209    .0816633
5. Pacifi..  |  -.0815673   .0432011    -1.89   0.059    -.1662752    .0031406
   6. Other  |   .0330994    .027821     1.19   0.234    -.0214514    .0876501
7. Prefer..  |  -.0157785   .0189614    -0.83   0.405    -.0529577    .0214007
             |
   ethnicity |
      2. No  |   .0200445   .0151627     1.32   0.186    -.0096863    .0497752
3. Prefer..  |  -.0295769   .0246297    -1.20   0.230    -.0778703    .0187164
             |
    polviews |
 2. Liberal  |   .0088857   .0194293     0.46   0.647    -.0292109    .0469824
3. Slight..  |   -.024018   .0193639    -1.24   0.215    -.0619863    .0139504
4. Moderate  |   .0007844   .0178354     0.04   0.965    -.0341868    .0357556
5. Slight..  |   .0057343   .0203182     0.28   0.778    -.0341052    .0455738
6. Conser..  |   .0128312   .0188878     0.68   0.497    -.0242036     .049866
7. Very c..  |   .0165541   .0224206     0.74   0.460    -.0274078     .060516
8. Prefer..  |  -.0138166    .019299    -0.72   0.474    -.0516576    .0240244
             |
  trust_govt |
2. Somewh..  |  -.0129268      .0132    -0.98   0.328    -.0388091    .0129556
3. Neithe..  |    -.02591   .0136432    -1.90   0.058    -.0526612    .0008413
4. Somewh..  |  -.0018469   .0146433    -0.13   0.900    -.0305591    .0268653
5. Strong..  |  -.0228718   .0190654    -1.20   0.230    -.0602549    .0145113
             |
 cond_asthma |  -.0299022   .0251414    -1.19   0.234     -.079199    .0193946
   cond_lung |  -.0435025   .0334148    -1.30   0.193    -.1090216    .0220166
  cond_heart |   .0169483   .0331924     0.51   0.610    -.0481347    .0820312
cond_diabe~s |  -.0041274   .0258537    -0.16   0.873    -.0548208    .0465659
 cond_kidney |  -.0638309   .0212577    -3.00   0.003    -.1055125   -.0221493
cond_rathe~y |  -.1737858   .1022399    -1.70   0.089    -.3742556    .0266841
   cond_none |  -.0510224   .0263511    -1.94   0.053    -.1026913    .0006464
       _cons |  -17.10091   10.10715    -1.69   0.091    -36.91881    2.717001
------------------------------------------------------------------------------

. 
. /*---------------------------------------------------------------------------
> ---
>     4. Calculate control group means
> -----------------------------------------------------------------------------
> -*/
. 
. matrix ctrl_mean = J(1, `n_outcomes', .)

. local col = 1

. foreach outcome of local outcomes {
  2.     qui sum `outcome' if arm_control == 1
  3.     matrix ctrl_mean[1, `col'] = r(mean)
  4.     local ++col
  5. }

. 
. /*---------------------------------------------------------------------------
> ---
>     5. Output results to tex file
> -----------------------------------------------------------------------------
> -*/
. 
. capture file close fout

. file open fout using "output/tables/treatment_effects.tex", write replace
(file output/tables/treatment_effects.tex not found)

. 
. * Industry arm coefficient
. file write fout "Industry       "

. forvalues col = 1/`n_outcomes' {
  2.     local b = b_treat[1, `col']
  3.     file write fout " & " %9.3f (`b')
  4. }

. file write fout " \\" _n

. 
. * Industry SE
. file write fout "               "

. forvalues col = 1/`n_outcomes' {
  2.     local se = se_treat[1, `col']
  3.     file write fout " & (" %7.3f (`se') ")"
  4. }

. file write fout " \\" _n

. 
. * Academic arm coefficient
. file write fout "Academic       "

. forvalues col = 1/`n_outcomes' {
  2.     local b = b_treat[2, `col']
  3.     file write fout " & " %9.3f (`b')
  4. }

. file write fout " \\" _n

. 
. * Academic SE
. file write fout "               "

. forvalues col = 1/`n_outcomes' {
  2.     local se = se_treat[2, `col']
  3.     file write fout " & (" %7.3f (`se') ")"
  4. }

. file write fout " \\" _n

. 
. * Personal arm coefficient
. file write fout "Personal       "

. forvalues col = 1/`n_outcomes' {
  2.     local b = b_treat[3, `col']
  3.     file write fout " & " %9.3f (`b')
  4. }

. file write fout " \\" _n

. 
. * Personal SE
. file write fout "               "

. forvalues col = 1/`n_outcomes' {
  2.     local se = se_treat[3, `col']
  3.     file write fout " & (" %7.3f (`se') ")"
  4. }

. file write fout " \\" _n

. 
. * Control mean
. file write fout "Control mean   "

. forvalues col = 1/`n_outcomes' {
  2.     local mean = ctrl_mean[1, `col']
  3.     file write fout " & " %9.3f (`mean')
  4. }

. file write fout " \\" _n

. 
. * N
. file write fout "N              "

. forvalues col = 1/`n_outcomes' {
  2.     local n = N_obs[1, `col']
  3.     file write fout " & " %9.0fc (`n')
  4. }

. file write fout " \\" _n

. 
. * R-squared
. file write fout "R-squared      "

. forvalues col = 1/`n_outcomes' {
  2.     local r2 = R2[1, `col']
  3.     file write fout " & " %9.3f (`r2')
  4. }

. file write fout " \\" _n

. 
. file close fout

. 
. di ""


. di "=== Table saved to output/tables/treatment_effects.tex ==="
=== Table saved to output/tables/treatment_effects.tex ===

. 
. capture log close
